{"email_address":"nothing@email.com","password":"password1"}
