{"email_address":"user1@email.com","password":"password1"}
