[
    {
        "picture_id": 2,
        "user_id": 1,
        "image_url": "https://images.unsplash.com/photo-1463947628408-f8581a2f4aca?ixid=MXwxMjA3fDB8MHxzZWFyY2h8MXx8c2t5fGVufDB8fDB8&ixlib=rb-1.2.1&auto=format&fit=crop&w=800&q=60",
        "published_at": "2022-01-01T15:00:00Z"
    },
    {
        "picture_id": 1,
        "user_id": 1,
        "image_url": "https://images.unsplash.com/photo-1514477917009-389c76a86b68?ixid=MXwxMjA3fDB8MHxzZWFyY2h8M3x8c2t5fGVufDB8fDB8&ixlib=rb-1.2.1&auto=format&fit=crop&w=800&q=60",
        "published_at": "2021-12-30T15:00:00Z"
    },
    {
        "picture_id": 4,
        "user_id": 2,
        "image_url": "https://images.unsplash.com/photo-1468276311594-df7cb65d8df6?ixid=MXwxMjA3fDB8MHxzZWFyY2h8OXx8c2t5fGVufDB8fDB8&ixlib=rb-1.2.1&auto=format&fit=crop&w=800&q=60",
        "published_at": "2020-04-04T15:00:00Z"
    },
    {
        "picture_id": 3,
        "user_id": 1,
        "image_url": "https://images.unsplash.com/photo-1501630834273-4b5604d2ee31?ixid=MXwxMjA3fDB8MHxzZWFyY2h8OHx8c2t5fGVufDB8fDB8&ixlib=rb-1.2.1&auto=format&fit=crop&w=800&q=60",
        "published_at": "2020-03-18T15:00:00Z"
    }
]
