{"user_name":"user3","password":"password3","email_address":"test@emai.com","note":"thisisuser3"}
